C51 COMPILER V9.56.0.0   MAIN                                                              08/08/2018 14:56:20 PAGE 1   


C51 COMPILER V9.56.0.0, COMPILATION OF MODULE MAIN
OBJECT MODULE PLACED IN .\Objects\main.obj
COMPILER INVOKED BY: d:\Keil_v5\C51\BIN\C51.EXE main.c OPTIMIZE(8,SPEED) BROWSE DEBUG OBJECTEXTEND PRINT(.\Listings\main
                    -.lst) TABS(2) OBJECT(.\Objects\main.obj)

line level    source

   1          
   2          #include<stc_init.h>
   3          #include<stc_isr.h>
   4          #include<stc_user.h>
   5          #include<operate_card.h>
   6          #include<time_sd2200.h>
   7          #include<stc_eeprom.h>
   8          
   9          
  10          
  11          sbit BEEP = P3^7;//蜂鸣器
  12          sbit SET_eeprom_baseaddr = P0^1;
  13          //volatile unsigned int EEPROM_BASE_ADDR;
  14          extern bit beep_start;
  15          
  16          
  17          /********************************/
  18          /*name:mcu_init                 */
  19          /*discription:单片机初始化      */
  20          /*var in:                       */
  21          /*result out:                   */
  22          /********************************/
  23          void mcu_init(void);
  24          
  25          
  26          void delay(unsigned int i)
  27          {
  28   1        while(i--);
  29   1      }
  30          
  31          
  32          /********************************/
  33          /*name:                         */
  34          /*discription:                  */
  35          /*var in:                       */
  36          /*result out:                   */
  37          /********************************/
  38          void main(void)
  39          {
  40   1      //  unsigned char xdata rd_da[21];
  41   1        mcu_init();
  42   1      
  43   1        BEEP=0;
  44   1        delay(10000);
  45   1      //  if(!SET_eeprom_baseaddr)
  46   1      //  {//读卡设置eeprom基地址
  47   1      //    while(1)
  48   1      //    {
  49   1      //      if(read_card_1block(0x01,rd_da) == 1)//读取块1
  50   1      //      {
  51   1      //        if((rd_da[4] & 0x40) == 0x40)
  52   1      //        {
  53   1      //          EEPROM_BASE_ADDR = ((unsigned int)rd_da[6] << 8)&0xf000 ;
  54   1      //          sectorerase(EEPROM_BASE_ADDR);
C51 COMPILER V9.56.0.0   MAIN                                                              08/08/2018 14:56:20 PAGE 2   

  55   1      //          rd_da[0] = rd_da[6] & 0xf0;
  56   1      //          rd_da[1] = 0;
  57   1      //          if(arrywrite_overwrite(EEPROM_BASE_ADDR+10,2,rd_da) == 1)
  58   1      //          {
  59   1      //            beep_start = 1;
  60   1      //            while(1);
  61   1      //          }   
  62   1      //        }
  63   1      //      }
  64   1      //    }
  65   1      //  }else{
  66   1          read_eeprom();
  67   1          while(1)
  68   1          {
  69   2            action();
  70   2          } 
  71   1      //  }
  72   1      
  73   1      }
  74          
  75          /********************************/
  76          /*name:mcu_init                 */
  77          /*discription:单片机初始化      */
  78          /*var in:                       */
  79          /*result out:                   */
  80          /********************************/
  81          void mcu_init(void)
  82          {
  83   1        init_uart(UART_1,MOD1,BTR_TM1,ISSMOD,btr_smod_19200);
  84   1        init_time(TIME_0,WIDE16,t_20ms);
  85   1        ES = 0;
  86   1        EA = 1;
  87   1      }
  88          
  89          
  90          
  91          
  92          


MODULE INFORMATION:   STATIC OVERLAYABLE
   CODE SIZE        =     65    ----
   CONSTANT SIZE    =   ----    ----
   XDATA SIZE       =   ----    ----
   PDATA SIZE       =   ----    ----
   DATA SIZE        =   ----    ----
   IDATA SIZE       =   ----    ----
   BIT SIZE         =   ----    ----
END OF MODULE INFORMATION.


C51 COMPILATION COMPLETE.  0 WARNING(S),  0 ERROR(S)
